[INFO] Scanning for projects...
[INFO] 
[INFO] --------------------------< com.example:demo >--------------------------
[INFO] Building demo 0.0.1-SNAPSHOT
[INFO]   from pom.xml
[INFO] --------------------------------[ jar ]---------------------------------
[INFO] 
[INFO] --- clean:3.5.0:clean (default-clean) @ demo ---
[INFO] Deleting C:\Users\MS¦\Desktop\Projelerim\OnlineEtkinlikProje\online-etkinlik-sistemi\target
[INFO] 
[INFO] --- resources:3.3.1:resources (default-resources) @ demo ---
[INFO] Copying 1 resource from src\main\resources to target\classes
[INFO] Copying 1 resource from src\main\resources to target\classes
[INFO] 
[INFO] --- compiler:3.14.1:compile (default-compile) @ demo ---
[INFO] Recompiling the module because of changed source code.
[INFO] Compiling 103 source files with javac [debug parameters release 25] to target\classes
.\mvnw : WARNING: A terminally deprecated method in sun.misc.Unsafe has been ca
lled
At line:1 char:1
+ .\mvnw clean compile 2>&1 > compile.log; Select-Object -Last 100 comp ...
+ ~~~~~~~~~~~~~~~~~~~~~~~~~~~~~~~~~~~~~~~
    + CategoryInfo          : NotSpecified: (WARNING: A term...has been called 
   :String) [], RemoteException
    + FullyQualifiedErrorId : NativeCommandError
 
WARNING: sun.misc.Unsafe::objectFieldOffset has been called by lombok.permit.Pe
rmit
WARNING: Please consider reporting this to the maintainers of class lombok.perm
it.Permit
WARNING: sun.misc.Unsafe::objectFieldOffset will be removed in a future release
[INFO] /C:/Users/MS¦/Desktop/Projelerim/OnlineEtkinlikProje/online-etkinlik-sistemi/src/main/java/com/example/demo/security/JwtTokenProvider.java: C:\Users\MS¦\Desktop\Projelerim\OnlineEtkinlikProje\online-etkinlik-sistemi\src\main\java\com\example\demo\security\JwtTokenProvider.java uses or overrides a deprecated API.
[INFO] /C:/Users/MS¦/Desktop/Projelerim/OnlineEtkinlikProje/online-etkinlik-sistemi/src/main/java/com/example/demo/security/JwtTokenProvider.java: Recompile with -Xlint:deprecation for details.
[INFO] -------------------------------------------------------------
[ERROR] COMPILATION ERROR : 
[INFO] -------------------------------------------------------------
[ERROR] /C:/Users/MS¦/Desktop/Projelerim/OnlineEtkinlikProje/online-etkinlik-sistemi/src/main/java/com/example/demo/service/CampaignServiceImpl.java:[19,8] com.example.demo.service.CampaignServiceImpl is not abstract and does not override abstract method incrementUsageCount(java.lang.Long) in com.example.demo.service.CampaignService
[ERROR] /C:/Users/MS¦/Desktop/Projelerim/OnlineEtkinlikProje/online-etkinlik-sistemi/src/main/java/com/example/demo/service/CampaignServiceImpl.java:[24,5] method does not override or implement a method from a supertype
[ERROR] /C:/Users/MS¦/Desktop/Projelerim/OnlineEtkinlikProje/online-etkinlik-sistemi/src/main/java/com/example/demo/service/CampaignServiceImpl.java:[27,37] cannot find symbol
  symbol:   method getName()
  location: variable campaignDTO of type com.example.demo.dto.CampaignDTO
[ERROR] /C:/Users/MS¦/Desktop/Projelerim/OnlineEtkinlikProje/online-etkinlik-sistemi/src/main/java/com/example/demo/service/CampaignServiceImpl.java:[40,5] method does not override or implement a method from a supertype
[ERROR] /C:/Users/MS¦/Desktop/Projelerim/OnlineEtkinlikProje/online-etkinlik-sistemi/src/main/java/com/example/demo/service/CampaignServiceImpl.java:[47,5] method does not override or implement a method from a supertype
[ERROR] /C:/Users/MS¦/Desktop/Projelerim/OnlineEtkinlikProje/online-etkinlik-sistemi/src/main/java/com/example/demo/service/CampaignServiceImpl.java:[56,34] cannot find symbol
  symbol:   method findByIsActiveTrue()
  location: variable campaignRepository of type com.example.demo.repository.CampaignRepository
[ERROR] /C:/Users/MS¦/Desktop/Projelerim/OnlineEtkinlikProje/online-etkinlik-sistemi/src/main/java/com/example/demo/service/CampaignServiceImpl.java:[61,5] method does not override or implement a method from a supertype
[ERROR] /C:/Users/MS¦/Desktop/Projelerim/OnlineEtkinlikProje/online-etkinlik-sistemi/src/main/java/com/example/demo/service/CampaignServiceImpl.java:[66,37] cannot find symbol
  symbol:   method getName()
  location: variable campaignDTO of type com.example.demo.dto.CampaignDTO
[ERROR] /C:/Users/MS¦/Desktop/Projelerim/OnlineEtkinlikProje/online-etkinlik-sistemi/src/main/java/com/example/demo/service/CampaignServiceImpl.java:[78,5] method does not override or implement a method from a supertype
[ERROR] /C:/Users/MS¦/Desktop/Projelerim/OnlineEtkinlikProje/online-etkinlik-sistemi/src/main/java/com/example/demo/service/CampaignServiceImpl.java:[87,5] method does not override or implement a method from a supertype
[ERROR] /C:/Users/MS¦/Desktop/Projelerim/OnlineEtkinlikProje/online-etkinlik-sistemi/src/main/java/com/example/demo/service/CampaignServiceImpl.java:[108,29] cannot find symbol
  symbol:   method getName()
  location: variable campaign of type com.example.demo.entity.Campaign
[ERROR] /C:/Users/MS¦/Desktop/Projelerim/OnlineEtkinlikProje/online-etkinlik-sistemi/src/main/java/com/example/demo/service/EventOrganizerServiceImpl.java:[20,8] com.example.demo.service.EventOrganizerServiceImpl is not abstract and does not override abstract method deleteOrganizer(java.lang.Long) in com.example.demo.service.EventOrganizerService
[ERROR] /C:/Users/MS¦/Desktop/Projelerim/OnlineEtkinlikProje/online-etkinlik-sistemi/src/main/java/com/example/demo/service/EventOrganizerServiceImpl.java:[25,5] method does not override or implement a method from a supertype
[ERROR] /C:/Users/MS¦/Desktop/Projelerim/OnlineEtkinlikProje/online-etkinlik-sistemi/src/main/java/com/example/demo/service/EventOrganizerServiceImpl.java:[42,5] method does not override or implement a method from a supertype
[ERROR] /C:/Users/MS¦/Desktop/Projelerim/OnlineEtkinlikProje/online-etkinlik-sistemi/src/main/java/com/example/demo/service/EventOrganizerServiceImpl.java:[49,5] method does not override or implement a method from a supertype
[ERROR] /C:/Users/MS¦/Desktop/Projelerim/OnlineEtkinlikProje/online-etkinlik-sistemi/src/main/java/com/example/demo/service/EventOrganizerServiceImpl.java:[56,5] method does not override or implement a method from a supertype
[ERROR] /C:/Users/MS¦/Desktop/Projelerim/OnlineEtkinlikProje/online-etkinlik-sistemi/src/main/java/com/example/demo/service/EventOrganizerServiceImpl.java:[63,5] method does not override or implement a method from a supertype
[ERROR] /C:/Users/MS¦/Desktop/Projelerim/OnlineEtkinlikProje/online-etkinlik-sistemi/src/main/java/com/example/demo/service/EventOrganizerServiceImpl.java:[70,5] method does not override or implement a method from a supertype
[ERROR] /C:/Users/MS¦/Desktop/Projelerim/OnlineEtkinlikProje/online-etkinlik-sistemi/src/main/java/com/example/demo/service/EventOrganizerServiceImpl.java:[98,5] method does not override or implement a method from a supertype
[ERROR] /C:/Users/MS¦/Desktop/Projelerim/OnlineEtkinlikProje/online-etkinlik-sistemi/src/main/java/com/example/demo/service/EventOrganizerServiceImpl.java:[116,5] method does not override or implement a method from a supertype
[ERROR] /C:/Users/MS¦/Desktop/Projelerim/OnlineEtkinlikProje/online-etkinlik-sistemi/src/main/java/com/example/demo/service/EventOrganizerServiceImpl.java:[134,5] method does not override or implement a method from a supertype
[ERROR] /C:/Users/MS¦/Desktop/Projelerim/OnlineEtkinlikProje/online-etkinlik-sistemi/src/main/java/com/example/demo/service/EventOrganizerServiceImpl.java:[144,5] method does not override or implement a method from a supertype
[ERROR] /C:/Users/MS¦/Desktop/Projelerim/OnlineEtkinlikProje/online-etkinlik-sistemi/src/main/java/com/example/demo/service/EventOrganizerServiceImpl.java:[164,12] cannot find symbol
  symbol:   method setCreatedAt(java.time.LocalDateTime)
  location: variable dto of type com.example.demo.dto.EventOrganizerDTO
[ERROR] /C:/Users/MS¦/Desktop/Projelerim/OnlineEtkinlikProje/online-etkinlik-sistemi/src/main/java/com/example/demo/service/EventOrganizerServiceImpl.java:[165,12] cannot find symbol
  symbol:   method setUpdatedAt(java.time.LocalDateTime)
  location: variable dto of type com.example.demo.dto.EventOrganizerDTO
[INFO] 24 errors 
[INFO] -------------------------------------------------------------
[INFO] ------------------------------------------------------------------------
[INFO] BUILD FAILURE
[INFO] ------------------------------------------------------------------------
[INFO] Total time:  3.777 s
[INFO] Finished at: 2026-05-11T12:44:45+03:00
[INFO] ------------------------------------------------------------------------
[ERROR] Failed to execute goal org.apache.maven.plugins:maven-compiler-plugin:3.14.1:compile (default-compile) on project demo: Compilation failure: Compilation failure: 
[ERROR] /C:/Users/MS¦/Desktop/Projelerim/OnlineEtkinlikProje/online-etkinlik-sistemi/src/main/java/com/example/demo/service/CampaignServiceImpl.java:[19,8] com.example.demo.service.CampaignServiceImpl is not abstract and does not override abstract method incrementUsageCount(java.lang.Long) in com.example.demo.service.CampaignService
[ERROR] /C:/Users/MS¦/Desktop/Projelerim/OnlineEtkinlikProje/online-etkinlik-sistemi/src/main/java/com/example/demo/service/CampaignServiceImpl.java:[24,5] method does not override or implement a method from a supertype
[ERROR] /C:/Users/MS¦/Desktop/Projelerim/OnlineEtkinlikProje/online-etkinlik-sistemi/src/main/java/com/example/demo/service/CampaignServiceImpl.java:[27,37] cannot find symbol
[ERROR]   symbol:   method getName()
[ERROR]   location: variable campaignDTO of type com.example.demo.dto.CampaignDTO
[ERROR] /C:/Users/MS¦/Desktop/Projelerim/OnlineEtkinlikProje/online-etkinlik-sistemi/src/main/java/com/example/demo/service/CampaignServiceImpl.java:[40,5] method does not override or implement a method from a supertype
[ERROR] /C:/Users/MS¦/Desktop/Projelerim/OnlineEtkinlikProje/online-etkinlik-sistemi/src/main/java/com/example/demo/service/CampaignServiceImpl.java:[47,5] method does not override or implement a method from a supertype
[ERROR] /C:/Users/MS¦/Desktop/Projelerim/OnlineEtkinlikProje/online-etkinlik-sistemi/src/main/java/com/example/demo/service/CampaignServiceImpl.java:[56,34] cannot find symbol
[ERROR]   symbol:   method findByIsActiveTrue()
[ERROR]   location: variable campaignRepository of type com.example.demo.repository.CampaignRepository
[ERROR] /C:/Users/MS¦/Desktop/Projelerim/OnlineEtkinlikProje/online-etkinlik-sistemi/src/main/java/com/example/demo/service/CampaignServiceImpl.java:[61,5] method does not override or implement a method from a supertype
[ERROR] /C:/Users/MS¦/Desktop/Projelerim/OnlineEtkinlikProje/online-etkinlik-sistemi/src/main/java/com/example/demo/service/CampaignServiceImpl.java:[66,37] cannot find symbol
[ERROR]   symbol:   method getName()
[ERROR]   location: variable campaignDTO of type com.example.demo.dto.CampaignDTO
[ERROR] /C:/Users/MS¦/Desktop/Projelerim/OnlineEtkinlikProje/online-etkinlik-sistemi/src/main/java/com/example/demo/service/CampaignServiceImpl.java:[78,5] method does not override or implement a method from a supertype
[ERROR] /C:/Users/MS¦/Desktop/Projelerim/OnlineEtkinlikProje/online-etkinlik-sistemi/src/main/java/com/example/demo/service/CampaignServiceImpl.java:[87,5] method does not override or implement a method from a supertype
[ERROR] /C:/Users/MS¦/Desktop/Projelerim/OnlineEtkinlikProje/online-etkinlik-sistemi/src/main/java/com/example/demo/service/CampaignServiceImpl.java:[108,29] cannot find symbol
[ERROR]   symbol:   method getName()
[ERROR]   location: variable campaign of type com.example.demo.entity.Campaign
[ERROR] /C:/Users/MS¦/Desktop/Projelerim/OnlineEtkinlikProje/online-etkinlik-sistemi/src/main/java/com/example/demo/service/EventOrganizerServiceImpl.java:[20,8] com.example.demo.service.EventOrganizerServiceImpl is not abstract and does not override abstract method deleteOrganizer(java.lang.Long) in com.example.demo.service.EventOrganizerService
[ERROR] /C:/Users/MS¦/Desktop/Projelerim/OnlineEtkinlikProje/online-etkinlik-sistemi/src/main/java/com/example/demo/service/EventOrganizerServiceImpl.java:[25,5] method does not override or implement a method from a supertype
[ERROR] /C:/Users/MS¦/Desktop/Projelerim/OnlineEtkinlikProje/online-etkinlik-sistemi/src/main/java/com/example/demo/service/EventOrganizerServiceImpl.java:[42,5] method does not override or implement a method from a supertype
[ERROR] /C:/Users/MS¦/Desktop/Projelerim/OnlineEtkinlikProje/online-etkinlik-sistemi/src/main/java/com/example/demo/service/EventOrganizerServiceImpl.java:[49,5] method does not override or implement a method from a supertype
[ERROR] /C:/Users/MS¦/Desktop/Projelerim/OnlineEtkinlikProje/online-etkinlik-sistemi/src/main/java/com/example/demo/service/EventOrganizerServiceImpl.java:[56,5] method does not override or implement a method from a supertype
[ERROR] /C:/Users/MS¦/Desktop/Projelerim/OnlineEtkinlikProje/online-etkinlik-sistemi/src/main/java/com/example/demo/service/EventOrganizerServiceImpl.java:[63,5] method does not override or implement a method from a supertype
[ERROR] /C:/Users/MS¦/Desktop/Projelerim/OnlineEtkinlikProje/online-etkinlik-sistemi/src/main/java/com/example/demo/service/EventOrganizerServiceImpl.java:[70,5] method does not override or implement a method from a supertype
[ERROR] /C:/Users/MS¦/Desktop/Projelerim/OnlineEtkinlikProje/online-etkinlik-sistemi/src/main/java/com/example/demo/service/EventOrganizerServiceImpl.java:[98,5] method does not override or implement a method from a supertype
[ERROR] /C:/Users/MS¦/Desktop/Projelerim/OnlineEtkinlikProje/online-etkinlik-sistemi/src/main/java/com/example/demo/service/EventOrganizerServiceImpl.java:[116,5] method does not override or implement a method from a supertype
[ERROR] /C:/Users/MS¦/Desktop/Projelerim/OnlineEtkinlikProje/online-etkinlik-sistemi/src/main/java/com/example/demo/service/EventOrganizerServiceImpl.java:[134,5] method does not override or implement a method from a supertype
[ERROR] /C:/Users/MS¦/Desktop/Projelerim/OnlineEtkinlikProje/online-etkinlik-sistemi/src/main/java/com/example/demo/service/EventOrganizerServiceImpl.java:[144,5] method does not override or implement a method from a supertype
[ERROR] /C:/Users/MS¦/Desktop/Projelerim/OnlineEtkinlikProje/online-etkinlik-sistemi/src/main/java/com/example/demo/service/EventOrganizerServiceImpl.java:[164,12] cannot find symbol
[ERROR]   symbol:   method setCreatedAt(java.time.LocalDateTime)
[ERROR]   location: variable dto of type com.example.demo.dto.EventOrganizerDTO
[ERROR] /C:/Users/MS¦/Desktop/Projelerim/OnlineEtkinlikProje/online-etkinlik-sistemi/src/main/java/com/example/demo/service/EventOrganizerServiceImpl.java:[165,12] cannot find symbol
[ERROR]   symbol:   method setUpdatedAt(java.time.LocalDateTime)
[ERROR]   location: variable dto of type com.example.demo.dto.EventOrganizerDTO
[ERROR] -> [Help 1]
[ERROR] 
[ERROR] To see the full stack trace of the errors, re-run Maven with the -e switch.
[ERROR] Re-run Maven using the -X switch to enable full debug logging.
[ERROR] 
[ERROR] For more information about the errors and possible solutions, please read the following articles:
[ERROR] [Help 1] http://cwiki.apache.org/confluence/display/MAVEN/MojoFailureException
